camden           15 free candidate(s) (lead found)
fenway           15 free candidate(s) (lead found)
yankee           15 free candidate(s) (lead found)
tropicana        1 free candidate(s) (lead found)
rogers           14 free candidate(s) (lead found)
rate             6 free candidate(s) (lead found)
progressive      [throttled, waiting 4s] [throttled, waiting 8s] [throttled, waiting 12s] [throttled, waiting 16s] [throttled, waiting 4s] [throttled, waiting 8s] 4 free candidate(s)
comerica         15 free candidate(s) (lead found)
kauffman         12 free candidate(s) (lead found)
target           11 free candidate(s) (lead found)
daikin           [throttled, waiting 4s] [throttled, waiting 8s] [throttled, waiting 12s] [throttled, waiting 16s] [throttled, waiting 4s] 14 free candidate(s)
angel            13 free candidate(s) (lead found)
sutter           11 free candidate(s) (lead found)
tmobile          11 free candidate(s) (lead found)
globelife        [throttled, waiting 4s] [throttled, waiting 8s] [throttled, waiting 12s] [throttled, waiting 16s] [throttled, waiting 4s] [throttled, waiting 8s] 12 free candidate(s)
truist           14 free candidate(s) (lead found)
loandepot        1 free candidate(s) (lead found)
citi             12 free candidate(s)
cbp              [throttled, waiting 4s] [throttled, waiting 8s] [throttled, waiting 12s] [throttled, waiting 16s] [throttled, waiting 4s] 13 free candidate(s)
nationals        6 free candidate(s) (lead found)
wrigley          8 free candidate(s) (lead found)
gabp             13 free candidate(s) (lead found)
amfam            [throttled, waiting 4s] [throttled, waiting 8s] [throttled, waiting 12s] [throttled, waiting 16s] [throttled, waiting 4s] [throttled, waiting 8s] 12 free candidate(s)
pnc              12 free candidate(s) (lead found)
busch            11 free candidate(s) (lead found)
chase            15 free candidate(s) (lead found)
coors            [throttled, waiting 4s] [throttled, waiting 8s] [throttled, waiting 12s] [throttled, waiting 16s] [throttled, waiting 4s] 12 free candidate(s)
dodger           12 free candidate(s) (lead found)
petco            15 free candidate(s) (lead found)
oracle           14 free candidate(s) (lead found)
steinbrenner     [throttled, waiting 4s] [throttled, waiting 8s] [throttled, waiting 12s] [throttled, waiting 16s] [throttled, waiting 4s] [throttled, waiting 8s] 11 free candidate(s)
vegas            0 free candidate(s)
turner           14 free candidate(s) (lead found)
globelifepark    10 free candidate(s) (lead found)
coliseum         [throttled, waiting 4s] [throttled, waiting 8s] [throttled, waiting 12s] [throttled, waiting 16s] 